1750313644.247536 client started (3538629): version 3.2a, socket /tmp/tmux-2844/default, protocol 8
1750313644.247555 on Linux 5.15.0-133-generic #144-Ubuntu SMP Fri Feb 7 20:47:38 UTC 2025
1750313644.247560 using libevent 2.1.12-stable (poll); ncurses 6.3
1750313644.247572 flags are 0x18010000
1750313644.247575 socket is /tmp/tmux-2844/default
1750313644.247584 trying connect
1750313644.247594 connect failed: No such file or directory
1750313644.247600 lock file is /tmp/tmux-2844/default.lock
1750313644.247617 flock succeeded
1750313644.247620 got lock (6)
1750313644.247624 trying connect
1750313644.247629 connect failed: No such file or directory
1750313644.247759 add peer 0x55a7a6ea6a10: 7 ((nil))
1750313644.248492 sending message 100 to peer 0x55a7a6ea6a10 (4 bytes)
1750313644.248504 sending message 111 to peer 0x55a7a6ea6a10 (8 bytes)
1750313644.248508 sending message 101 to peer 0x55a7a6ea6a10 (15 bytes)
1750313644.248511 sending message 109 to peer 0x55a7a6ea6a10 (4 bytes)
1750313644.248514 sending message 102 to peer 0x55a7a6ea6a10 (12 bytes)
1750313644.248517 sending message 108 to peer 0x55a7a6ea6a10 (56 bytes)
1750313644.248520 sending message 112 to peer 0x55a7a6ea6a10 (58 bytes)
1750313644.248523 sending message 112 to peer 0x55a7a6ea6a10 (5 bytes)
1750313644.248526 sending message 112 to peer 0x55a7a6ea6a10 (5 bytes)
1750313644.248529 sending message 112 to peer 0x55a7a6ea6a10 (6 bytes)
1750313644.248532 sending message 112 to peer 0x55a7a6ea6a10 (6 bytes)
1750313644.248534 sending message 112 to peer 0x55a7a6ea6a10 (11 bytes)
1750313644.248537 sending message 112 to peer 0x55a7a6ea6a10 (10 bytes)
1750313644.248540 sending message 112 to peer 0x55a7a6ea6a10 (13 bytes)
1750313644.248544 sending message 112 to peer 0x55a7a6ea6a10 (14 bytes)
1750313644.248783 sending message 112 to peer 0x55a7a6ea6a10 (19 bytes)
1750313644.248787 sending message 112 to peer 0x55a7a6ea6a10 (11 bytes)
1750313644.248790 sending message 112 to peer 0x55a7a6ea6a10 (10 bytes)
1750313644.248792 sending message 112 to peer 0x55a7a6ea6a10 (15 bytes)
1750313644.248795 sending message 112 to peer 0x55a7a6ea6a10 (21 bytes)
1750313644.248798 sending message 112 to peer 0x55a7a6ea6a10 (13 bytes)
1750313644.248801 sending message 112 to peer 0x55a7a6ea6a10 (7 bytes)
1750313644.248804 sending message 112 to peer 0x55a7a6ea6a10 (13 bytes)
1750313644.248807 sending message 112 to peer 0x55a7a6ea6a10 (7 bytes)
1750313644.248810 sending message 112 to peer 0x55a7a6ea6a10 (13 bytes)
1750313644.248813 sending message 112 to peer 0x55a7a6ea6a10 (9 bytes)
1750313644.248815 sending message 112 to peer 0x55a7a6ea6a10 (21 bytes)
1750313644.248818 sending message 112 to peer 0x55a7a6ea6a10 (13 bytes)
1750313644.248821 sending message 112 to peer 0x55a7a6ea6a10 (9 bytes)
1750313644.248824 sending message 112 to peer 0x55a7a6ea6a10 (16 bytes)
1750313644.248826 sending message 112 to peer 0x55a7a6ea6a10 (13 bytes)
1750313644.248829 sending message 112 to peer 0x55a7a6ea6a10 (9 bytes)
1750313644.248832 sending message 112 to peer 0x55a7a6ea6a10 (9 bytes)
1750313644.248835 sending message 112 to peer 0x55a7a6ea6a10 (12 bytes)
1750313644.248837 sending message 112 to peer 0x55a7a6ea6a10 (8 bytes)
1750313644.248840 sending message 112 to peer 0x55a7a6ea6a10 (8 bytes)
1750313644.248843 sending message 112 to peer 0x55a7a6ea6a10 (13 bytes)
1750313644.248846 sending message 112 to peer 0x55a7a6ea6a10 (7 bytes)
1750313644.248849 sending message 112 to peer 0x55a7a6ea6a10 (7 bytes)
1750313644.248852 sending message 112 to peer 0x55a7a6ea6a10 (9 bytes)
1750313644.248854 sending message 112 to peer 0x55a7a6ea6a10 (9 bytes)
1750313644.248857 sending message 112 to peer 0x55a7a6ea6a10 (15 bytes)
1750313644.248860 sending message 112 to peer 0x55a7a6ea6a10 (13 bytes)
1750313644.248862 sending message 112 to peer 0x55a7a6ea6a10 (12 bytes)
1750313644.248865 sending message 112 to peer 0x55a7a6ea6a10 (8 bytes)
1750313644.248868 sending message 112 to peer 0x55a7a6ea6a10 (14 bytes)
1750313644.248871 sending message 112 to peer 0x55a7a6ea6a10 (11 bytes)
1750313644.248873 sending message 112 to peer 0x55a7a6ea6a10 (9 bytes)
1750313644.248882 sending message 112 to peer 0x55a7a6ea6a10 (10 bytes)
1750313644.248885 sending message 112 to peer 0x55a7a6ea6a10 (10 bytes)
1750313644.248888 sending message 112 to peer 0x55a7a6ea6a10 (10 bytes)
1750313644.248890 sending message 112 to peer 0x55a7a6ea6a10 (10 bytes)
1750313644.248893 sending message 112 to peer 0x55a7a6ea6a10 (11 bytes)
1750313644.248896 sending message 112 to peer 0x55a7a6ea6a10 (12 bytes)
1750313644.248898 sending message 112 to peer 0x55a7a6ea6a10 (12 bytes)
1750313644.248901 sending message 112 to peer 0x55a7a6ea6a10 (12 bytes)
1750313644.248904 sending message 112 to peer 0x55a7a6ea6a10 (12 bytes)
1750313644.248906 sending message 112 to peer 0x55a7a6ea6a10 (12 bytes)
1750313644.248909 sending message 112 to peer 0x55a7a6ea6a10 (11 bytes)
1750313644.248912 sending message 112 to peer 0x55a7a6ea6a10 (11 bytes)
1750313644.248915 sending message 112 to peer 0x55a7a6ea6a10 (12 bytes)
1750313644.248917 sending message 112 to peer 0x55a7a6ea6a10 (12 bytes)
1750313644.248920 sending message 112 to peer 0x55a7a6ea6a10 (12 bytes)
1750313644.248923 sending message 112 to peer 0x55a7a6ea6a10 (12 bytes)
1750313644.248925 sending message 112 to peer 0x55a7a6ea6a10 (12 bytes)
1750313644.248928 sending message 112 to peer 0x55a7a6ea6a10 (9 bytes)
1750313644.248931 sending message 112 to peer 0x55a7a6ea6a10 (12 bytes)
1750313644.248933 sending message 112 to peer 0x55a7a6ea6a10 (13 bytes)
1750313644.248936 sending message 112 to peer 0x55a7a6ea6a10 (13 bytes)
1750313644.248939 sending message 112 to peer 0x55a7a6ea6a10 (13 bytes)
1750313644.248942 sending message 112 to peer 0x55a7a6ea6a10 (13 bytes)
1750313644.248945 sending message 112 to peer 0x55a7a6ea6a10 (13 bytes)
1750313644.248947 sending message 112 to peer 0x55a7a6ea6a10 (8 bytes)
1750313644.248950 sending message 112 to peer 0x55a7a6ea6a10 (11 bytes)
1750313644.248953 sending message 112 to peer 0x55a7a6ea6a10 (11 bytes)
1750313644.248956 sending message 112 to peer 0x55a7a6ea6a10 (11 bytes)
1750313644.248958 sending message 112 to peer 0x55a7a6ea6a10 (12 bytes)
1750313644.248961 sending message 112 to peer 0x55a7a6ea6a10 (12 bytes)
1750313644.248963 sending message 112 to peer 0x55a7a6ea6a10 (12 bytes)
1750313644.248966 sending message 112 to peer 0x55a7a6ea6a10 (12 bytes)
1750313644.248969 sending message 112 to peer 0x55a7a6ea6a10 (13 bytes)
1750313644.248972 sending message 112 to peer 0x55a7a6ea6a10 (13 bytes)
1750313644.248975 sending message 112 to peer 0x55a7a6ea6a10 (13 bytes)
1750313644.248978 sending message 112 to peer 0x55a7a6ea6a10 (8 bytes)
1750313644.248981 sending message 112 to peer 0x55a7a6ea6a10 (13 bytes)
1750313644.248983 sending message 112 to peer 0x55a7a6ea6a10 (13 bytes)
1750313644.248986 sending message 112 to peer 0x55a7a6ea6a10 (13 bytes)
1750313644.248989 sending message 112 to peer 0x55a7a6ea6a10 (13 bytes)
1750313644.248991 sending message 112 to peer 0x55a7a6ea6a10 (13 bytes)
1750313644.248994 sending message 112 to peer 0x55a7a6ea6a10 (12 bytes)
1750313644.248997 sending message 112 to peer 0x55a7a6ea6a10 (12 bytes)
1750313644.248999 sending message 112 to peer 0x55a7a6ea6a10 (12 bytes)
1750313644.249002 sending message 112 to peer 0x55a7a6ea6a10 (12 bytes)
1750313644.249006 sending message 112 to peer 0x55a7a6ea6a10 (13 bytes)
1750313644.249009 sending message 112 to peer 0x55a7a6ea6a10 (8 bytes)
1750313644.249012 sending message 112 to peer 0x55a7a6ea6a10 (13 bytes)
1750313644.249015 sending message 112 to peer 0x55a7a6ea6a10 (13 bytes)
1750313644.249017 sending message 112 to peer 0x55a7a6ea6a10 (13 bytes)
1750313644.249021 sending message 112 to peer 0x55a7a6ea6a10 (13 bytes)
1750313644.249025 sending message 112 to peer 0x55a7a6ea6a10 (13 bytes)
1750313644.249028 sending message 112 to peer 0x55a7a6ea6a10 (13 bytes)
1750313644.249031 sending message 112 to peer 0x55a7a6ea6a10 (13 bytes)
1750313644.249034 sending message 112 to peer 0x55a7a6ea6a10 (12 bytes)
1750313644.249037 sending message 112 to peer 0x55a7a6ea6a10 (12 bytes)
1750313644.249039 sending message 112 to peer 0x55a7a6ea6a10 (12 bytes)
1750313644.249045 sending message 112 to peer 0x55a7a6ea6a10 (8 bytes)
1750313644.249048 sending message 112 to peer 0x55a7a6ea6a10 (12 bytes)
1750313644.249051 sending message 112 to peer 0x55a7a6ea6a10 (13 bytes)
1750313644.249054 sending message 112 to peer 0x55a7a6ea6a10 (13 bytes)
1750313644.249057 sending message 112 to peer 0x55a7a6ea6a10 (13 bytes)
1750313644.249060 sending message 112 to peer 0x55a7a6ea6a10 (13 bytes)
1750313644.249064 sending message 112 to peer 0x55a7a6ea6a10 (13 bytes)
1750313644.249067 sending message 112 to peer 0x55a7a6ea6a10 (13 bytes)
1750313644.249071 sending message 112 to peer 0x55a7a6ea6a10 (13 bytes)
1750313644.249075 sending message 112 to peer 0x55a7a6ea6a10 (13 bytes)
1750313644.249078 sending message 112 to peer 0x55a7a6ea6a10 (12 bytes)
1750313644.249082 sending message 112 to peer 0x55a7a6ea6a10 (10 bytes)
1750313644.249085 sending message 112 to peer 0x55a7a6ea6a10 (12 bytes)
1750313644.249089 sending message 112 to peer 0x55a7a6ea6a10 (12 bytes)
1750313644.249092 sending message 112 to peer 0x55a7a6ea6a10 (12 bytes)
1750313644.249095 sending message 112 to peer 0x55a7a6ea6a10 (13 bytes)
1750313644.249098 sending message 112 to peer 0x55a7a6ea6a10 (13 bytes)
1750313644.249101 sending message 112 to peer 0x55a7a6ea6a10 (13 bytes)
1750313644.249104 sending message 112 to peer 0x55a7a6ea6a10 (13 bytes)
1750313644.249107 sending message 112 to peer 0x55a7a6ea6a10 (13 bytes)
1750313644.249110 sending message 112 to peer 0x55a7a6ea6a10 (13 bytes)
1750313644.249113 sending message 112 to peer 0x55a7a6ea6a10 (13 bytes)
1750313644.249116 sending message 112 to peer 0x55a7a6ea6a10 (10 bytes)
1750313644.249119 sending message 112 to peer 0x55a7a6ea6a10 (13 bytes)
1750313644.249122 sending message 112 to peer 0x55a7a6ea6a10 (12 bytes)
1750313644.249125 sending message 112 to peer 0x55a7a6ea6a10 (12 bytes)
1750313644.249129 sending message 112 to peer 0x55a7a6ea6a10 (12 bytes)
1750313644.249132 sending message 112 to peer 0x55a7a6ea6a10 (10 bytes)
1750313644.249135 sending message 112 to peer 0x55a7a6ea6a10 (10 bytes)
1750313644.249138 sending message 112 to peer 0x55a7a6ea6a10 (10 bytes)
1750313644.249141 sending message 112 to peer 0x55a7a6ea6a10 (12 bytes)
1750313644.249144 sending message 112 to peer 0x55a7a6ea6a10 (13 bytes)
1750313644.249147 sending message 112 to peer 0x55a7a6ea6a10 (13 bytes)
1750313644.249150 sending message 112 to peer 0x55a7a6ea6a10 (13 bytes)
1750313644.249154 sending message 112 to peer 0x55a7a6ea6a10 (13 bytes)
1750313644.249157 sending message 112 to peer 0x55a7a6ea6a10 (13 bytes)
1750313644.249160 sending message 112 to peer 0x55a7a6ea6a10 (10 bytes)
1750313644.249163 sending message 112 to peer 0x55a7a6ea6a10 (11 bytes)
1750313644.249166 sending message 112 to peer 0x55a7a6ea6a10 (12 bytes)
1750313644.249168 sending message 112 to peer 0x55a7a6ea6a10 (12 bytes)
1750313644.249171 sending message 112 to peer 0x55a7a6ea6a10 (12 bytes)
1750313644.249174 sending message 112 to peer 0x55a7a6ea6a10 (12 bytes)
1750313644.249176 sending message 112 to peer 0x55a7a6ea6a10 (12 bytes)
1750313644.249179 sending message 112 to peer 0x55a7a6ea6a10 (11 bytes)
1750313644.249182 sending message 112 to peer 0x55a7a6ea6a10 (12 bytes)
1750313644.249184 sending message 112 to peer 0x55a7a6ea6a10 (12 bytes)
1750313644.249187 sending message 112 to peer 0x55a7a6ea6a10 (13 bytes)
1750313644.249190 sending message 112 to peer 0x55a7a6ea6a10 (13 bytes)
1750313644.249192 sending message 112 to peer 0x55a7a6ea6a10 (13 bytes)
1750313644.249195 sending message 112 to peer 0x55a7a6ea6a10 (13 bytes)
1750313644.249198 sending message 112 to peer 0x55a7a6ea6a10 (13 bytes)
1750313644.249200 sending message 112 to peer 0x55a7a6ea6a10 (10 bytes)
1750313644.249203 sending message 112 to peer 0x55a7a6ea6a10 (9 bytes)
1750313644.249205 sending message 112 to peer 0x55a7a6ea6a10 (12 bytes)
1750313644.249208 sending message 112 to peer 0x55a7a6ea6a10 (13 bytes)
1750313644.249211 sending message 112 to peer 0x55a7a6ea6a10 (13 bytes)
1750313644.249213 sending message 112 to peer 0x55a7a6ea6a10 (13 bytes)
1750313644.249218 sending message 112 to peer 0x55a7a6ea6a10 (13 bytes)
1750313644.249221 sending message 112 to peer 0x55a7a6ea6a10 (13 bytes)
1750313644.249223 sending message 112 to peer 0x55a7a6ea6a10 (9 bytes)
1750313644.249226 sending message 112 to peer 0x55a7a6ea6a10 (12 bytes)
1750313644.249229 sending message 112 to peer 0x55a7a6ea6a10 (13 bytes)
1750313644.249232 sending message 112 to peer 0x55a7a6ea6a10 (13 bytes)
1750313644.249235 sending message 112 to peer 0x55a7a6ea6a10 (13 bytes)
1750313644.249237 sending message 112 to peer 0x55a7a6ea6a10 (13 bytes)
1750313644.249240 sending message 112 to peer 0x55a7a6ea6a10 (13 bytes)
1750313644.249243 sending message 112 to peer 0x55a7a6ea6a10 (11 bytes)
1750313644.249247 sending message 112 to peer 0x55a7a6ea6a10 (12 bytes)
1750313644.249250 sending message 112 to peer 0x55a7a6ea6a10 (13 bytes)
1750313644.249252 sending message 112 to peer 0x55a7a6ea6a10 (13 bytes)
1750313644.249255 sending message 112 to peer 0x55a7a6ea6a10 (13 bytes)
1750313644.249258 sending message 112 to peer 0x55a7a6ea6a10 (13 bytes)
1750313644.249260 sending message 112 to peer 0x55a7a6ea6a10 (13 bytes)
1750313644.249263 sending message 112 to peer 0x55a7a6ea6a10 (11 bytes)
1750313644.249265 sending message 112 to peer 0x55a7a6ea6a10 (12 bytes)
1750313644.249268 sending message 112 to peer 0x55a7a6ea6a10 (12 bytes)
1750313644.249271 sending message 112 to peer 0x55a7a6ea6a10 (12 bytes)
1750313644.249273 sending message 112 to peer 0x55a7a6ea6a10 (12 bytes)
1750313644.249276 sending message 112 to peer 0x55a7a6ea6a10 (12 bytes)
1750313644.249279 sending message 112 to peer 0x55a7a6ea6a10 (21 bytes)
1750313644.249282 sending message 112 to peer 0x55a7a6ea6a10 (12 bytes)
1750313644.249285 sending message 112 to peer 0x55a7a6ea6a10 (9 bytes)
1750313644.249288 sending message 112 to peer 0x55a7a6ea6a10 (6 bytes)
1750313644.249292 sending message 112 to peer 0x55a7a6ea6a10 (13 bytes)
1750313644.249944 sending message 112 to peer 0x55a7a6ea6a10 (10 bytes)
1750313644.249947 sending message 112 to peer 0x55a7a6ea6a10 (24 bytes)
1750313644.249950 sending message 112 to peer 0x55a7a6ea6a10 (13 bytes)
1750313644.249953 sending message 112 to peer 0x55a7a6ea6a10 (9 bytes)
1750313644.249955 sending message 112 to peer 0x55a7a6ea6a10 (70 bytes)
1750313644.249958 sending message 112 to peer 0x55a7a6ea6a10 (69 bytes)
1750313644.249961 sending message 112 to peer 0x55a7a6ea6a10 (12 bytes)
1750313644.249963 sending message 112 to peer 0x55a7a6ea6a10 (10 bytes)
1750313644.249966 sending message 112 to peer 0x55a7a6ea6a10 (10 bytes)
1750313644.249968 sending message 112 to peer 0x55a7a6ea6a10 (24 bytes)
1750313644.249971 sending message 112 to peer 0x55a7a6ea6a10 (13 bytes)
1750313644.249973 sending message 112 to peer 0x55a7a6ea6a10 (10 bytes)
1750313644.249976 sending message 112 to peer 0x55a7a6ea6a10 (10 bytes)
1750313644.249978 sending message 112 to peer 0x55a7a6ea6a10 (10 bytes)
1750313644.249981 sending message 112 to peer 0x55a7a6ea6a10 (13 bytes)
1750313644.249985 sending message 112 to peer 0x55a7a6ea6a10 (15 bytes)
1750313644.249987 sending message 112 to peer 0x55a7a6ea6a10 (5 bytes)
1750313644.249991 sending message 104 to peer 0x55a7a6ea6a10 (0 bytes)
1750313644.249994 sending message 110 to peer 0x55a7a6ea6a10 (0 bytes)
1750313644.249997 sending message 107 to peer 0x55a7a6ea6a10 (4 bytes)
1750313644.249999 sending message 105 to peer 0x55a7a6ea6a10 (16 bytes)
1750313644.250002 sending message 105 to peer 0x55a7a6ea6a10 (20 bytes)
1750313644.250005 sending message 105 to peer 0x55a7a6ea6a10 (17 bytes)
1750313644.250008 sending message 105 to peer 0x55a7a6ea6a10 (177 bytes)
1750313644.250010 sending message 105 to peer 0x55a7a6ea6a10 (69 bytes)
1750313644.250013 sending message 105 to peer 0x55a7a6ea6a10 (28 bytes)
1750313644.250016 sending message 105 to peer 0x55a7a6ea6a10 (74 bytes)
1750313644.250018 sending message 105 to peer 0x55a7a6ea6a10 (7 bytes)
1750313644.250021 sending message 105 to peer 0x55a7a6ea6a10 (62 bytes)
1750313644.250025 sending message 105 to peer 0x55a7a6ea6a10 (59 bytes)
1750313644.250029 sending message 105 to peer 0x55a7a6ea6a10 (33 bytes)
1750313644.250032 sending message 105 to peer 0x55a7a6ea6a10 (61 bytes)
1750313644.250035 sending message 105 to peer 0x55a7a6ea6a10 (60 bytes)
1750313644.250037 sending message 105 to peer 0x55a7a6ea6a10 (18 bytes)
1750313644.250040 sending message 105 to peer 0x55a7a6ea6a10 (21 bytes)
1750313644.250043 sending message 105 to peer 0x55a7a6ea6a10 (125 bytes)
1750313644.250045 sending message 105 to peer 0x55a7a6ea6a10 (131 bytes)
1750313644.250048 sending message 105 to peer 0x55a7a6ea6a10 (15 bytes)
1750313644.250051 sending message 105 to peer 0x55a7a6ea6a10 (25 bytes)
1750313644.250053 sending message 105 to peer 0x55a7a6ea6a10 (17 bytes)
1750313644.250056 sending message 105 to peer 0x55a7a6ea6a10 (62 bytes)
1750313644.250060 sending message 105 to peer 0x55a7a6ea6a10 (32 bytes)
1750313644.250063 sending message 105 to peer 0x55a7a6ea6a10 (145 bytes)
1750313644.250065 sending message 105 to peer 0x55a7a6ea6a10 (56 bytes)
1750313644.250068 sending message 105 to peer 0x55a7a6ea6a10 (33 bytes)
1750313644.250071 sending message 105 to peer 0x55a7a6ea6a10 (31 bytes)
1750313644.250073 sending message 105 to peer 0x55a7a6ea6a10 (23 bytes)
1750313644.250076 sending message 105 to peer 0x55a7a6ea6a10 (20 bytes)
1750313644.250079 sending message 105 to peer 0x55a7a6ea6a10 (11 bytes)
1750313644.250081 sending message 105 to peer 0x55a7a6ea6a10 (15 bytes)
1750313644.250084 sending message 105 to peer 0x55a7a6ea6a10 (41 bytes)
1750313644.250086 sending message 105 to peer 0x55a7a6ea6a10 (64 bytes)
1750313644.250089 sending message 105 to peer 0x55a7a6ea6a10 (14 bytes)
1750313644.250092 sending message 105 to peer 0x55a7a6ea6a10 (39 bytes)
1750313644.250094 sending message 105 to peer 0x55a7a6ea6a10 (23 bytes)
1750313644.250097 sending message 105 to peer 0x55a7a6ea6a10 (8 bytes)
1750313644.250101 sending message 105 to peer 0x55a7a6ea6a10 (14 bytes)
1750313644.250103 sending message 105 to peer 0x55a7a6ea6a10 (46 bytes)
1750313644.250106 sending message 105 to peer 0x55a7a6ea6a10 (20 bytes)
1750313644.250108 sending message 105 to peer 0x55a7a6ea6a10 (82 bytes)
1750313644.250111 sending message 105 to peer 0x55a7a6ea6a10 (44 bytes)
1750313644.250114 sending message 105 to peer 0x55a7a6ea6a10 (31 bytes)
1750313644.250117 sending message 105 to peer 0x55a7a6ea6a10 (53 bytes)
1750313644.250120 sending message 105 to peer 0x55a7a6ea6a10 (82 bytes)
1750313644.250122 sending message 105 to peer 0x55a7a6ea6a10 (36 bytes)
1750313644.250125 sending message 105 to peer 0x55a7a6ea6a10 (38 bytes)
1750313644.250128 sending message 105 to peer 0x55a7a6ea6a10 (162 bytes)
1750313644.250131 sending message 105 to peer 0x55a7a6ea6a10 (31 bytes)
1750313644.250133 sending message 105 to peer 0x55a7a6ea6a10 (20 bytes)
1750313644.250136 sending message 105 to peer 0x55a7a6ea6a10 (65 bytes)
1750313644.250140 sending message 105 to peer 0x55a7a6ea6a10 (133 bytes)
1750313644.250143 sending message 105 to peer 0x55a7a6ea6a10 (896 bytes)
1750313644.250146 sending message 105 to peer 0x55a7a6ea6a10 (54 bytes)
1750313644.250148 sending message 105 to peer 0x55a7a6ea6a10 (25 bytes)
1750313644.250151 sending message 105 to peer 0x55a7a6ea6a10 (60 bytes)
1750313644.250154 sending message 105 to peer 0x55a7a6ea6a10 (36 bytes)
1750313644.250156 sending message 105 to peer 0x55a7a6ea6a10 (20 bytes)
1750313644.250159 sending message 105 to peer 0x55a7a6ea6a10 (88 bytes)
1750313644.250161 sending message 105 to peer 0x55a7a6ea6a10 (16 bytes)
1750313644.250164 sending message 105 to peer 0x55a7a6ea6a10 (51 bytes)
1750313644.250167 sending message 106 to peer 0x55a7a6ea6a10 (0 bytes)
1750313644.250172 sending message 200 to peer 0x55a7a6ea6a10 (4 bytes)
1750313644.250175 client loop enter
1750313644.250209 client_signal: Child exited
1750313644.328708 peer 0x55a7a6ea6a10 message 207
1750313644.328717 sending message 208 to peer 0x55a7a6ea6a10 (0 bytes)
1750313744.370225 peer 0x55a7a6ea6a10 message 203
1750313744.370407 sending message 205 to peer 0x55a7a6ea6a10 (0 bytes)
1750313744.370788 peer 0x55a7a6ea6a10 message 204
1750313744.370792 client loop exit
